[debug] [2025-10-10T12:21:47.057Z] ----------------------------------------------------------------------
[debug] [2025-10-10T12:21:47.059Z] Command:       C:\Program Files\nodejs\node.exe C:\Users\Machcreator\AppData\Roaming\npm\node_modules\firebase-tools\lib\bin\firebase.js init
[debug] [2025-10-10T12:21:47.060Z] CLI Version:   14.19.1
[debug] [2025-10-10T12:21:47.060Z] Platform:      win32
[debug] [2025-10-10T12:21:47.060Z] Node Version:  v22.14.0
[debug] [2025-10-10T12:21:47.060Z] Time:          Fri Oct 10 2025 15:21:47 GMT+0300 (Москва, стандартное время)
[debug] [2025-10-10T12:21:47.060Z] ----------------------------------------------------------------------
[debug] 
[info] 
     ######## #### ########  ######## ########     ###     ######  ########
     ##        ##  ##     ## ##       ##     ##  ##   ##  ##       ##
     ######    ##  ########  ######   ########  #########  ######  ######
     ##        ##  ##    ##  ##       ##     ## ##     ##       ## ##
     ##       #### ##     ## ######## ########  ##     ##  ######  ########

You're about to initialize a Firebase project in this directory:

  C:\Users\Machcreator\Desktop\wleonel\my-react-site

[debug] [2025-10-10T12:23:10.706Z] ExitPromptError: User force closed the prompt with SIGINT
    at Interface.sigint (C:\Users\Machcreator\AppData\Roaming\npm\node_modules\firebase-tools\node_modules\@inquirer\core\dist\commonjs\lib\create-prompt.js:101:37)
    at Interface.emit (node:events:518:28)
    at Interface.emit (node:domain:489:12)
    at [_ttyWrite] [as _ttyWrite] (node:internal/readline/interface:1124:18)
    at ReadStream.onkeypress (node:internal/readline/interface:263:20)
    at ReadStream.emit (node:events:530:35)
    at ReadStream.emit (node:domain:489:12)
    at emitKeys (node:internal/readline/utils:370:14)
    at emitKeys.next (<anonymous>)
    at ReadStream.onData (node:internal/readline/emitKeypressEvents:64:36)
[error] 
[error] Error: An unexpected error has occurred.
